| java/nio/file/Files.java:9:9:9:19 | source | path-injection\nrelated locations: $@, $@.\nmetadata: $@, $@, $@, $@, $@, $@, $@. | java/nio/file/Files.java:9:9:9:19 | source | MethodDoc | java/nio/file/Files.java:9:9:9:19 | source | ClassDoc | file://java.nio.file:1:1:1:1 | java.nio.file | package | file://Files:1:1:1:1 | Files | type | file://false:1:1:1:1 | false | subtypes | file://copy:1:1:1:1 | copy | name | file://(Path,OutputStream):1:1:1:1 | (Path,OutputStream) | signature | file://Argument[0]:1:1:1:1 | Argument[0] | input | file://source:1:1:1:1 | source | parameterName |
