| Test.java:40:14:40:21 | openPath | taint step\nrelated locations: $@.\nmetadata: $@, $@, $@, $@, $@, $@. | Test.java:40:4:40:22 | get(...) | CallContext | file://java.nio.file:1:1:1:1 | java.nio.file | package | file://Paths:1:1:1:1 | Paths | type | file://false:1:1:1:1 | false | subtypes | file://get:1:1:1:1 | get | name | file://(String,String[]):1:1:1:1 | (String,String[]) | signature | file://Argument[0]:1:1:1:1 | Argument[0] | input |
| Test.java:46:4:46:5 | f2 | known non-sink\nrelated locations: $@.\nmetadata: $@, $@, $@, $@, $@, $@. | Test.java:45:10:47:3 | compareTo(...) | CallContext | file://java.io:1:1:1:1 | java.io | package | file://File:1:1:1:1 | File | type | file://true:1:1:1:1 | true | subtypes | file://compareTo:1:1:1:1 | compareTo | name | file://(File):1:1:1:1 | (File) | signature | file://Argument[0]:1:1:1:1 | Argument[0] | input |
