deadEnd
| customurlschemes.swift:94:59:94:76 | options |
| customurlschemes.swift:133:59:133:76 | options |
